// Jest Snapshot v1, https://goo.gl/fbAQLP

exports[`SearchForm Matches snapshot 1`] = `
Object {
  "asFragment": [Function],
  "baseElement": <body>
    <div>
      <form
        class="search-form"
        name="search-form"
      >
        <div
          class="search-form__input-group"
        >
          <input
            class="search-form__input"
            placeholder="Search..."
            type="text"
            value=""
          />
          <button
            class="search-form__btn"
            type="submit"
          >
            <svg
              fill="currentColor"
              height="1em"
              stroke="currentColor"
              stroke-width="0"
              viewBox="0 0 24 24"
              width="1em"
              xmlns="http://www.w3.org/2000/svg"
            >
              <path
                d="M10 18a7.952 7.952 0 0 0 4.897-1.688l4.396 4.396 1.414-1.414-4.396-4.396A7.952 7.952 0 0 0 18 10c0-4.411-3.589-8-8-8s-8 3.589-8 8 3.589 8 8 8zm0-14c3.309 0 6 2.691 6 6s-2.691 6-6 6-6-2.691-6-6 2.691-6 6-6z"
              />
              <path
                d="M11.412 8.586c.379.38.588.882.588 1.414h2a3.977 3.977 0 0 0-1.174-2.828c-1.514-1.512-4.139-1.512-5.652 0l1.412 1.416c.76-.758 2.07-.756 2.826-.002z"
              />
            </svg>
          </button>
        </div>
        
        <div
          class="search-form__bar"
        >
          <div
            class="search-form__select-group"
          >
            <label
              for="category"
            >
              Category
            </label>
            <select
              class="search-form__select"
              data-testid="category"
              name="category"
            >
              <option
                value="all"
              >
                All
              </option>
              <option
                value="Computers"
              >
                Computers
              </option>
              <option
                value="Art"
              >
                Art
              </option>
              <option
                value="Biography"
              >
                Biography
              </option>
              <option
                value="History"
              >
                History
              </option>
              <option
                value="Science"
              >
                Science
              </option>
            </select>
          </div>
          <div
            class="search-form__select-group"
          >
            <label
              for="orderBy"
            >
              Order By
            </label>
            <select
              class="search-form__select"
              data-testid="orderBy"
              id="orderBy"
              name="orderBy"
            >
              <option
                value="relevance"
              >
                Relevance
              </option>
              <option
                value="newest"
              >
                Newest
              </option>
            </select>
          </div>
        </div>
      </form>
    </div>
  </body>,
  "container": <div>
    <form
      class="search-form"
      name="search-form"
    >
      <div
        class="search-form__input-group"
      >
        <input
          class="search-form__input"
          placeholder="Search..."
          type="text"
          value=""
        />
        <button
          class="search-form__btn"
          type="submit"
        >
          <svg
            fill="currentColor"
            height="1em"
            stroke="currentColor"
            stroke-width="0"
            viewBox="0 0 24 24"
            width="1em"
            xmlns="http://www.w3.org/2000/svg"
          >
            <path
              d="M10 18a7.952 7.952 0 0 0 4.897-1.688l4.396 4.396 1.414-1.414-4.396-4.396A7.952 7.952 0 0 0 18 10c0-4.411-3.589-8-8-8s-8 3.589-8 8 3.589 8 8 8zm0-14c3.309 0 6 2.691 6 6s-2.691 6-6 6-6-2.691-6-6 2.691-6 6-6z"
            />
            <path
              d="M11.412 8.586c.379.38.588.882.588 1.414h2a3.977 3.977 0 0 0-1.174-2.828c-1.514-1.512-4.139-1.512-5.652 0l1.412 1.416c.76-.758 2.07-.756 2.826-.002z"
            />
          </svg>
        </button>
      </div>
      
      <div
        class="search-form__bar"
      >
        <div
          class="search-form__select-group"
        >
          <label
            for="category"
          >
            Category
          </label>
          <select
            class="search-form__select"
            data-testid="category"
            name="category"
          >
            <option
              value="all"
            >
              All
            </option>
            <option
              value="Computers"
            >
              Computers
            </option>
            <option
              value="Art"
            >
              Art
            </option>
            <option
              value="Biography"
            >
              Biography
            </option>
            <option
              value="History"
            >
              History
            </option>
            <option
              value="Science"
            >
              Science
            </option>
          </select>
        </div>
        <div
          class="search-form__select-group"
        >
          <label
            for="orderBy"
          >
            Order By
          </label>
          <select
            class="search-form__select"
            data-testid="orderBy"
            id="orderBy"
            name="orderBy"
          >
            <option
              value="relevance"
            >
              Relevance
            </option>
            <option
              value="newest"
            >
              Newest
            </option>
          </select>
        </div>
      </div>
    </form>
  </div>,
  "debug": [Function],
  "findAllByAltText": [Function],
  "findAllByDisplayValue": [Function],
  "findAllByLabelText": [Function],
  "findAllByPlaceholderText": [Function],
  "findAllByRole": [Function],
  "findAllByTestId": [Function],
  "findAllByText": [Function],
  "findAllByTitle": [Function],
  "findByAltText": [Function],
  "findByDisplayValue": [Function],
  "findByLabelText": [Function],
  "findByPlaceholderText": [Function],
  "findByRole": [Function],
  "findByTestId": [Function],
  "findByText": [Function],
  "findByTitle": [Function],
  "getAllByAltText": [Function],
  "getAllByDisplayValue": [Function],
  "getAllByLabelText": [Function],
  "getAllByPlaceholderText": [Function],
  "getAllByRole": [Function],
  "getAllByTestId": [Function],
  "getAllByText": [Function],
  "getAllByTitle": [Function],
  "getByAltText": [Function],
  "getByDisplayValue": [Function],
  "getByLabelText": [Function],
  "getByPlaceholderText": [Function],
  "getByRole": [Function],
  "getByTestId": [Function],
  "getByText": [Function],
  "getByTitle": [Function],
  "queryAllByAltText": [Function],
  "queryAllByDisplayValue": [Function],
  "queryAllByLabelText": [Function],
  "queryAllByPlaceholderText": [Function],
  "queryAllByRole": [Function],
  "queryAllByTestId": [Function],
  "queryAllByText": [Function],
  "queryAllByTitle": [Function],
  "queryByAltText": [Function],
  "queryByDisplayValue": [Function],
  "queryByLabelText": [Function],
  "queryByPlaceholderText": [Function],
  "queryByRole": [Function],
  "queryByTestId": [Function],
  "queryByText": [Function],
  "queryByTitle": [Function],
  "rerender": [Function],
  "unmount": [Function],
}
`;
